// Jest Snapshot v1, https://goo.gl/fbAQLP

exports[`<App /> renders and matches snapshot 1`] = `
<div>
  <div
    class="sc-fznWqX iaIwpR"
  >
    <header
      class="sc-fznJRM gXmBWn"
    >
      <div
        class="header-logo-wrapper"
      >
        <a
          href="/"
        >
          <span
            class="logo"
          >
            Weather Connect
          </span>
        </a>
      </div>
      <div
        class="header-setting-wrapper"
      >
        <button
          aria-label="Open Settings"
        >
          <svg
            fill="#FFFFFF"
            height="24"
            viewBox="0 0 24 24"
            width="24"
            xmlns="http://www.w3.org/2000/svg"
          >
            <g>
              <path
                d="M0,0h24v24H0V0z"
                fill="none"
              />
              <path
                d="M19.14,12.94c0.04-0.3,0.06-0.61,0.06-0.94c0-0.32-0.02-0.64-0.07-0.94l2.03-1.58c0.18-0.14,0.23-0.41,0.12-0.61 l-1.92-3.32c-0.12-0.22-0.37-0.29-0.59-0.22l-2.39,0.96c-0.5-0.38-1.03-0.7-1.62-0.94L14.4,2.81c-0.04-0.24-0.24-0.41-0.48-0.41 h-3.84c-0.24,0-0.43,0.17-0.47,0.41L9.25,5.35C8.66,5.59,8.12,5.92,7.63,6.29L5.24,5.33c-0.22-0.08-0.47,0-0.59,0.22L2.74,8.87 C2.62,9.08,2.66,9.34,2.86,9.48l2.03,1.58C4.84,11.36,4.8,11.69,4.8,12s0.02,0.64,0.07,0.94l-2.03,1.58 c-0.18,0.14-0.23,0.41-0.12,0.61l1.92,3.32c0.12,0.22,0.37,0.29,0.59,0.22l2.39-0.96c0.5,0.38,1.03,0.7,1.62,0.94l0.36,2.54 c0.05,0.24,0.24,0.41,0.48,0.41h3.84c0.24,0,0.44-0.17,0.47-0.41l0.36-2.54c0.59-0.24,1.13-0.56,1.62-0.94l2.39,0.96 c0.22,0.08,0.47,0,0.59-0.22l1.92-3.32c0.12-0.22,0.07-0.47-0.12-0.61L19.14,12.94z M12,15.6c-1.98,0-3.6-1.62-3.6-3.6 s1.62-3.6,3.6-3.6s3.6,1.62,3.6,3.6S13.98,15.6,12,15.6z"
              />
            </g>
          </svg>
        </button>
      </div>
    </header>
    <div
      class="main-page-layout-wrapper"
    >
      <main
        class="main-page-content"
      >
        <section
          class="sc-fzozJi eRVneo"
        >
          <h1
            class="welcome-heading"
          >
            Welcome!
          </h1>
          <h3
            class="welcome-paragraph"
          >
            Use the form below to search for a city and add it to your favourites
          </h3>
        </section>
        <div
          class="sc-AxjAm ljWcjv"
        >
          <div
            class="sc-AxheI kwSqZm"
            title="Location Search"
          >
            <div
              class="sc-AxgMl aECWc"
            >
              <h3>
                Location Search
              </h3>
            </div>
            <form
              class="sc-AxhUy eEZuda"
            >
              <div
                class="inputs-wrapper"
              >
                <div
                  class="sc-AxiKw hjHbLc"
                >
                  <label
                    for="city"
                  >
                    Enter the name of a city
                  </label>
                  <input
                    aria-label="Enter the name of a city"
                    data-testid="location-search-input"
                    id="city"
                    name="city"
                    placeholder="Newcastle upon Tyne"
                    type="text"
                    value=""
                  />
                  <p
                    class="input-description"
                  >
                    E.g. Newcastle Upon Tyne or New York
                  </p>
                </div>
                <div
                  class="sc-AxiKw hjHbLc"
                >
                  <div
                    class="label-with-button-wrapper"
                  >
                    <label
                      for="countryCode"
                    >
                      Country
                       
                    </label>
                    <button>
                      <span
                        class="material-icons"
                      >
                        close
                      </span>
                      Clear
                    </button>
                  </div>
                  <div
                    class="input-with-clear-wrapper"
                  >
                    <select
                      id="countryCode"
                      name="countryCode"
                    >
                      <option
                        value=""
                      >
                        Any
                      </option>
                      <option
                        value="AF"
                      >
                        Afghanistan
                      </option>
                      <option
                        value="AX"
                      >
                        land Islands
                      </option>
                      <option
                        value="AL"
                      >
                        Albania
                      </option>
                      <option
                        value="DZ"
                      >
                        Algeria
                      </option>
                      <option
                        value="AS"
                      >
                        American Samoa
                      </option>
                      <option
                        value="AD"
                      >
                        AndorrA
                      </option>
                      <option
                        value="AO"
                      >
                        Angola
                      </option>
                      <option
                        value="AI"
                      >
                        Anguilla
                      </option>
                      <option
                        value="AQ"
                      >
                        Antarctica
                      </option>
                      <option
                        value="AG"
                      >
                        Antigua and Barbuda
                      </option>
                      <option
                        value="AR"
                      >
                        Argentina
                      </option>
                      <option
                        value="AM"
                      >
                        Armenia
                      </option>
                      <option
                        value="AW"
                      >
                        Aruba
                      </option>
                      <option
                        value="AU"
                      >
                        Australia
                      </option>
                      <option
                        value="AT"
                      >
                        Austria
                      </option>
                      <option
                        value="AZ"
                      >
                        Azerbaijan
                      </option>
                      <option
                        value="BS"
                      >
                        Bahamas
                      </option>
                      <option
                        value="BH"
                      >
                        Bahrain
                      </option>
                      <option
                        value="BD"
                      >
                        Bangladesh
                      </option>
                      <option
                        value="BB"
                      >
                        Barbados
                      </option>
                      <option
                        value="BY"
                      >
                        Belarus
                      </option>
                      <option
                        value="BE"
                      >
                        Belgium
                      </option>
                      <option
                        value="BZ"
                      >
                        Belize
                      </option>
                      <option
                        value="BJ"
                      >
                        Benin
                      </option>
                      <option
                        value="BM"
                      >
                        Bermuda
                      </option>
                      <option
                        value="BT"
                      >
                        Bhutan
                      </option>
                      <option
                        value="BO"
                      >
                        Bolivia
                      </option>
                      <option
                        value="BA"
                      >
                        Bosnia and Herzegovina
                      </option>
                      <option
                        value="BW"
                      >
                        Botswana
                      </option>
                      <option
                        value="BV"
                      >
                        Bouvet Island
                      </option>
                      <option
                        value="BR"
                      >
                        Brazil
                      </option>
                      <option
                        value="IO"
                      >
                        British Indian Ocean Territory
                      </option>
                      <option
                        value="BN"
                      >
                        Brunei Darussalam
                      </option>
                      <option
                        value="BG"
                      >
                        Bulgaria
                      </option>
                      <option
                        value="BF"
                      >
                        Burkina Faso
                      </option>
                      <option
                        value="BI"
                      >
                        Burundi
                      </option>
                      <option
                        value="KH"
                      >
                        Cambodia
                      </option>
                      <option
                        value="CM"
                      >
                        Cameroon
                      </option>
                      <option
                        value="CA"
                      >
                        Canada
                      </option>
                      <option
                        value="CV"
                      >
                        Cape Verde
                      </option>
                      <option
                        value="KY"
                      >
                        Cayman Islands
                      </option>
                      <option
                        value="CF"
                      >
                        Central African Republic
                      </option>
                      <option
                        value="TD"
                      >
                        Chad
                      </option>
                      <option
                        value="CL"
                      >
                        Chile
                      </option>
                      <option
                        value="CN"
                      >
                        China
                      </option>
                      <option
                        value="CX"
                      >
                        Christmas Island
                      </option>
                      <option
                        value="CC"
                      >
                        Cocos (Keeling) Islands
                      </option>
                      <option
                        value="CO"
                      >
                        Colombia
                      </option>
                      <option
                        value="KM"
                      >
                        Comoros
                      </option>
                      <option
                        value="CG"
                      >
                        Congo
                      </option>
                      <option
                        value="CD"
                      >
                        Congo, The Democratic Republic of the
                      </option>
                      <option
                        value="CK"
                      >
                        Cook Islands
                      </option>
                      <option
                        value="CR"
                      >
                        Costa Rica
                      </option>
                      <option
                        value="CI"
                      >
                        Cote D'Ivoire
                      </option>
                      <option
                        value="HR"
                      >
                        Croatia
                      </option>
                      <option
                        value="CU"
                      >
                        Cuba
                      </option>
                      <option
                        value="CY"
                      >
                        Cyprus
                      </option>
                      <option
                        value="CZ"
                      >
                        Czech Republic
                      </option>
                      <option
                        value="DK"
                      >
                        Denmark
                      </option>
                      <option
                        value="DJ"
                      >
                        Djibouti
                      </option>
                      <option
                        value="DM"
                      >
                        Dominica
                      </option>
                      <option
                        value="DO"
                      >
                        Dominican Republic
                      </option>
                      <option
                        value="EC"
                      >
                        Ecuador
                      </option>
                      <option
                        value="EG"
                      >
                        Egypt
                      </option>
                      <option
                        value="SV"
                      >
                        El Salvador
                      </option>
                      <option
                        value="GQ"
                      >
                        Equatorial Guinea
                      </option>
                      <option
                        value="ER"
                      >
                        Eritrea
                      </option>
                      <option
                        value="EE"
                      >
                        Estonia
                      </option>
                      <option
                        value="ET"
                      >
                        Ethiopia
                      </option>
                      <option
                        value="FK"
                      >
                        Falkland Islands (Malvinas)
                      </option>
                      <option
                        value="FO"
                      >
                        Faroe Islands
                      </option>
                      <option
                        value="FJ"
                      >
                        Fiji
                      </option>
                      <option
                        value="FI"
                      >
                        Finland
                      </option>
                      <option
                        value="FR"
                      >
                        France
                      </option>
                      <option
                        value="GF"
                      >
                        French Guiana
                      </option>
                      <option
                        value="PF"
                      >
                        French Polynesia
                      </option>
                      <option
                        value="TF"
                      >
                        French Southern Territories
                      </option>
                      <option
                        value="GA"
                      >
                        Gabon
                      </option>
                      <option
                        value="GM"
                      >
                        Gambia
                      </option>
                      <option
                        value="GE"
                      >
                        Georgia
                      </option>
                      <option
                        value="DE"
                      >
                        Germany
                      </option>
                      <option
                        value="GH"
                      >
                        Ghana
                      </option>
                      <option
                        value="GI"
                      >
                        Gibraltar
                      </option>
                      <option
                        value="GR"
                      >
                        Greece
                      </option>
                      <option
                        value="GL"
                      >
                        Greenland
                      </option>
                      <option
                        value="GD"
                      >
                        Grenada
                      </option>
                      <option
                        value="GP"
                      >
                        Guadeloupe
                      </option>
                      <option
                        value="GU"
                      >
                        Guam
                      </option>
                      <option
                        value="GT"
                      >
                        Guatemala
                      </option>
                      <option
                        value="GG"
                      >
                        Guernsey
                      </option>
                      <option
                        value="GN"
                      >
                        Guinea
                      </option>
                      <option
                        value="GW"
                      >
                        Guinea-Bissau
                      </option>
                      <option
                        value="GY"
                      >
                        Guyana
                      </option>
                      <option
                        value="HT"
                      >
                        Haiti
                      </option>
                      <option
                        value="HM"
                      >
                        Heard Island and Mcdonald Islands
                      </option>
                      <option
                        value="VA"
                      >
                        Holy See (Vatican City State)
                      </option>
                      <option
                        value="HN"
                      >
                        Honduras
                      </option>
                      <option
                        value="HK"
                      >
                        Hong Kong
                      </option>
                      <option
                        value="HU"
                      >
                        Hungary
                      </option>
                      <option
                        value="IS"
                      >
                        Iceland
                      </option>
                      <option
                        value="IN"
                      >
                        India
                      </option>
                      <option
                        value="ID"
                      >
                        Indonesia
                      </option>
                      <option
                        value="IR"
                      >
                        Iran, Islamic Republic Of
                      </option>
                      <option
                        value="IQ"
                      >
                        Iraq
                      </option>
                      <option
                        value="IE"
                      >
                        Ireland
                      </option>
                      <option
                        value="IM"
                      >
                        Isle of Man
                      </option>
                      <option
                        value="IL"
                      >
                        Israel
                      </option>
                      <option
                        value="IT"
                      >
                        Italy
                      </option>
                      <option
                        value="JM"
                      >
                        Jamaica
                      </option>
                      <option
                        value="JP"
                      >
                        Japan
                      </option>
                      <option
                        value="JE"
                      >
                        Jersey
                      </option>
                      <option
                        value="JO"
                      >
                        Jordan
                      </option>
                      <option
                        value="KZ"
                      >
                        Kazakhstan
                      </option>
                      <option
                        value="KE"
                      >
                        Kenya
                      </option>
                      <option
                        value="KI"
                      >
                        Kiribati
                      </option>
                      <option
                        value="KP"
                      >
                        Korea, Democratic People's Republic of
                      </option>
                      <option
                        value="KR"
                      >
                        Korea, Republic of
                      </option>
                      <option
                        value="KW"
                      >
                        Kuwait
                      </option>
                      <option
                        value="KG"
                      >
                        Kyrgyzstan
                      </option>
                      <option
                        value="LA"
                      >
                        Lao People's Democratic Republic
                      </option>
                      <option
                        value="LV"
                      >
                        Latvia
                      </option>
                      <option
                        value="LB"
                      >
                        Lebanon
                      </option>
                      <option
                        value="LS"
                      >
                        Lesotho
                      </option>
                      <option
                        value="LR"
                      >
                        Liberia
                      </option>
                      <option
                        value="LY"
                      >
                        Libyan Arab Jamahiriya
                      </option>
                      <option
                        value="LI"
                      >
                        Liechtenstein
                      </option>
                      <option
                        value="LT"
                      >
                        Lithuania
                      </option>
                      <option
                        value="LU"
                      >
                        Luxembourg
                      </option>
                      <option
                        value="MO"
                      >
                        Macao
                      </option>
                      <option
                        value="MK"
                      >
                        Macedonia, The Former Yugoslav Republic of
                      </option>
                      <option
                        value="MG"
                      >
                        Madagascar
                      </option>
                      <option
                        value="MW"
                      >
                        Malawi
                      </option>
                      <option
                        value="MY"
                      >
                        Malaysia
                      </option>
                      <option
                        value="MV"
                      >
                        Maldives
                      </option>
                      <option
                        value="ML"
                      >
                        Mali
                      </option>
                      <option
                        value="MT"
                      >
                        Malta
                      </option>
                      <option
                        value="MH"
                      >
                        Marshall Islands
                      </option>
                      <option
                        value="MQ"
                      >
                        Martinique
                      </option>
                      <option
                        value="MR"
                      >
                        Mauritania
                      </option>
                      <option
                        value="MU"
                      >
                        Mauritius
                      </option>
                      <option
                        value="YT"
                      >
                        Mayotte
                      </option>
                      <option
                        value="MX"
                      >
                        Mexico
                      </option>
                      <option
                        value="FM"
                      >
                        Micronesia, Federated States of
                      </option>
                      <option
                        value="MD"
                      >
                        Moldova, Republic of
                      </option>
                      <option
                        value="MC"
                      >
                        Monaco
                      </option>
                      <option
                        value="MN"
                      >
                        Mongolia
                      </option>
                      <option
                        value="ME"
                      >
                        Montenegro
                      </option>
                      <option
                        value="MS"
                      >
                        Montserrat
                      </option>
                      <option
                        value="MA"
                      >
                        Morocco
                      </option>
                      <option
                        value="MZ"
                      >
                        Mozambique
                      </option>
                      <option
                        value="MM"
                      >
                        Myanmar
                      </option>
                      <option
                        value="NA"
                      >
                        Namibia
                      </option>
                      <option
                        value="NR"
                      >
                        Nauru
                      </option>
                      <option
                        value="NP"
                      >
                        Nepal
                      </option>
                      <option
                        value="NL"
                      >
                        Netherlands
                      </option>
                      <option
                        value="AN"
                      >
                        Netherlands Antilles
                      </option>
                      <option
                        value="NC"
                      >
                        New Caledonia
                      </option>
                      <option
                        value="NZ"
                      >
                        New Zealand
                      </option>
                      <option
                        value="NI"
                      >
                        Nicaragua
                      </option>
                      <option
                        value="NE"
                      >
                        Niger
                      </option>
                      <option
                        value="NG"
                      >
                        Nigeria
                      </option>
                      <option
                        value="NU"
                      >
                        Niue
                      </option>
                      <option
                        value="NF"
                      >
                        Norfolk Island
                      </option>
                      <option
                        value="MP"
                      >
                        Northern Mariana Islands
                      </option>
                      <option
                        value="NO"
                      >
                        Norway
                      </option>
                      <option
                        value="OM"
                      >
                        Oman
                      </option>
                      <option
                        value="PK"
                      >
                        Pakistan
                      </option>
                      <option
                        value="PW"
                      >
                        Palau
                      </option>
                      <option
                        value="PS"
                      >
                        Palestinian Territory, Occupied
                      </option>
                      <option
                        value="PA"
                      >
                        Panama
                      </option>
                      <option
                        value="PG"
                      >
                        Papua New Guinea
                      </option>
                      <option
                        value="PY"
                      >
                        Paraguay
                      </option>
                      <option
                        value="PE"
                      >
                        Peru
                      </option>
                      <option
                        value="PH"
                      >
                        Philippines
                      </option>
                      <option
                        value="PN"
                      >
                        Pitcairn
                      </option>
                      <option
                        value="PL"
                      >
                        Poland
                      </option>
                      <option
                        value="PT"
                      >
                        Portugal
                      </option>
                      <option
                        value="PR"
                      >
                        Puerto Rico
                      </option>
                      <option
                        value="QA"
                      >
                        Qatar
                      </option>
                      <option
                        value="RE"
                      >
                        Reunion
                      </option>
                      <option
                        value="RO"
                      >
                        Romania
                      </option>
                      <option
                        value="RU"
                      >
                        Russian Federation
                      </option>
                      <option
                        value="RW"
                      >
                        RWANDA
                      </option>
                      <option
                        value="SH"
                      >
                        Saint Helena
                      </option>
                      <option
                        value="KN"
                      >
                        Saint Kitts and Nevis
                      </option>
                      <option
                        value="LC"
                      >
                        Saint Lucia
                      </option>
                      <option
                        value="PM"
                      >
                        Saint Pierre and Miquelon
                      </option>
                      <option
                        value="VC"
                      >
                        Saint Vincent and the Grenadines
                      </option>
                      <option
                        value="WS"
                      >
                        Samoa
                      </option>
                      <option
                        value="SM"
                      >
                        San Marino
                      </option>
                      <option
                        value="ST"
                      >
                        Sao Tome and Principe
                      </option>
                      <option
                        value="SA"
                      >
                        Saudi Arabia
                      </option>
                      <option
                        value="SN"
                      >
                        Senegal
                      </option>
                      <option
                        value="RS"
                      >
                        Serbia
                      </option>
                      <option
                        value="SC"
                      >
                        Seychelles
                      </option>
                      <option
                        value="SL"
                      >
                        Sierra Leone
                      </option>
                      <option
                        value="SG"
                      >
                        Singapore
                      </option>
                      <option
                        value="SK"
                      >
                        Slovakia
                      </option>
                      <option
                        value="SI"
                      >
                        Slovenia
                      </option>
                      <option
                        value="SB"
                      >
                        Solomon Islands
                      </option>
                      <option
                        value="SO"
                      >
                        Somalia
                      </option>
                      <option
                        value="ZA"
                      >
                        South Africa
                      </option>
                      <option
                        value="GS"
                      >
                        South Georgia and the South Sandwich Islands
                      </option>
                      <option
                        value="ES"
                      >
                        Spain
                      </option>
                      <option
                        value="LK"
                      >
                        Sri Lanka
                      </option>
                      <option
                        value="SD"
                      >
                        Sudan
                      </option>
                      <option
                        value="SR"
                      >
                        Suriname
                      </option>
                      <option
                        value="SJ"
                      >
                        Svalbard and Jan Mayen
                      </option>
                      <option
                        value="SZ"
                      >
                        Swaziland
                      </option>
                      <option
                        value="SE"
                      >
                        Sweden
                      </option>
                      <option
                        value="CH"
                      >
                        Switzerland
                      </option>
                      <option
                        value="SY"
                      >
                        Syrian Arab Republic
                      </option>
                      <option
                        value="TW"
                      >
                        Taiwan, Province of China
                      </option>
                      <option
                        value="TJ"
                      >
                        Tajikistan
                      </option>
                      <option
                        value="TZ"
                      >
                        Tanzania, United Republic of
                      </option>
                      <option
                        value="TH"
                      >
                        Thailand
                      </option>
                      <option
                        value="TL"
                      >
                        Timor-Leste
                      </option>
                      <option
                        value="TG"
                      >
                        Togo
                      </option>
                      <option
                        value="TK"
                      >
                        Tokelau
                      </option>
                      <option
                        value="TO"
                      >
                        Tonga
                      </option>
                      <option
                        value="TT"
                      >
                        Trinidad and Tobago
                      </option>
                      <option
                        value="TN"
                      >
                        Tunisia
                      </option>
                      <option
                        value="TR"
                      >
                        Turkey
                      </option>
                      <option
                        value="TM"
                      >
                        Turkmenistan
                      </option>
                      <option
                        value="TC"
                      >
                        Turks and Caicos Islands
                      </option>
                      <option
                        value="TV"
                      >
                        Tuvalu
                      </option>
                      <option
                        value="UG"
                      >
                        Uganda
                      </option>
                      <option
                        value="UA"
                      >
                        Ukraine
                      </option>
                      <option
                        value="AE"
                      >
                        United Arab Emirates
                      </option>
                      <option
                        value="GB"
                      >
                        United Kingdom
                      </option>
                      <option
                        value="US"
                      >
                        United States
                      </option>
                      <option
                        value="UM"
                      >
                        United States Minor Outlying Islands
                      </option>
                      <option
                        value="UY"
                      >
                        Uruguay
                      </option>
                      <option
                        value="UZ"
                      >
                        Uzbekistan
                      </option>
                      <option
                        value="VU"
                      >
                        Vanuatu
                      </option>
                      <option
                        value="VE"
                      >
                        Venezuela
                      </option>
                      <option
                        value="VN"
                      >
                        Viet Nam
                      </option>
                      <option
                        value="VG"
                      >
                        Virgin Islands, British
                      </option>
                      <option
                        value="VI"
                      >
                        Virgin Islands, U.S.
                      </option>
                      <option
                        value="WF"
                      >
                        Wallis and Futuna
                      </option>
                      <option
                        value="EH"
                      >
                        Western Sahara
                      </option>
                      <option
                        value="YE"
                      >
                        Yemen
                      </option>
                      <option
                        value="ZM"
                      >
                        Zambia
                      </option>
                      <option
                        value="ZW"
                      >
                        Zimbabwe
                      </option>
                    </select>
                  </div>
                  <p
                    class="input-description"
                  >
                    Filter the results to a specific country
                     
                  </p>
                </div>
              </div>
              <button
                class="sc-AxirZ bIZjPC"
                data-testid="main-search-button"
                disabled=""
              >
                <span
                  class="material-icons"
                >
                  search
                </span>
                Search
              </button>
            </form>
          </div>
        </div>
      </main>
      <div
        class="sc-fzqBZW dgWXPS"
      >
        <div
          class="favourites-wrapper"
        >
          <h2
            class="main-title"
          >
            <span
              class="material-icons star-icon"
            >
              star
            </span>
             Your Favourites
          </h2>
          <div
            class="no-locations-saved"
            data-testid="favourites-no-locations"
          >
            <p>
              No locations have been selected use the form on the home page to add one
            </p>
          </div>
        </div>
        <footer
          class="sc-fzoXzr dXVXzl"
        >
          <p>
            Made with ♥ by Simon Parker
          </p>
        </footer>
      </div>
    </div>
  </div>
</div>
`;
