// Jest Snapshot v1, https://goo.gl/fbAQLP

exports[`<FavouritesSidebar /> renders with 2 locations and matches snapshot 1`] = `
<div>
  <div
    class="sc-AxjAm hUiZoz"
  >
    <h2
      class="main-title"
    >
      <span
        class="material-icons star-icon"
      >
        star
      </span>
       Your Favourites
    </h2>
    <div
      class="sc-AxirZ iqalEU"
    >
      <div
        class="sc-AxhCb leTKVX"
        data-testid="favourite-location"
        style="opacity: 1; transform: none;"
      >
        <a
          data-testid="favourite-location-link"
          href="/location/2643743"
        >
          <div
            class="location-block-left"
          >
            <img
              alt="Clouds"
              src="http://openweathermap.org/img/wn/03d.png"
            />
          </div>
          <div
            class="location-block-content"
          >
            <h3
              class="location-name"
            >
              London
            </h3>
            <p
              class="weather-summary-item"
            >
              <img
                alt="Wind speed"
                height="30"
                src="wind-icon.svg"
                width="30"
              />
              6
              <small>
                mph
              </small>
              <img
                alt="Temperature"
                class="temp-icon"
                height="26"
                src="temp-icon.svg"
                width="26"
              />
              23
              <sup>
                °C
              </sup>
            </p>
          </div>
        </a>
        <button
          aria-label="Remove London from Favourites"
          class="sc-AxiKw kpkgEV"
          data-testid="favourite-delete-button"
          title="Remove London from Favourites"
        >
          <span
            class="material-icons"
          >
            delete
          </span>
        </button>
      </div>
      <div
        class="sc-AxhCb leTKVX"
        data-testid="favourite-location"
        style="opacity: 1; transform: none;"
      >
        <a
          data-testid="favourite-location-link"
          href="/location/123"
        >
          <div
            class="location-block-left"
          >
            <img
              alt="Clouds"
              src="http://openweathermap.org/img/wn/03d.png"
            />
          </div>
          <div
            class="location-block-content"
          >
            <h3
              class="location-name"
            >
              Newcastle upon Tyne
            </h3>
            <p
              class="weather-summary-item"
            >
              <img
                alt="Wind speed"
                height="30"
                src="wind-icon.svg"
                width="30"
              />
              6
              <small>
                mph
              </small>
              <img
                alt="Temperature"
                class="temp-icon"
                height="26"
                src="temp-icon.svg"
                width="26"
              />
              23
              <sup>
                °C
              </sup>
            </p>
          </div>
        </a>
        <button
          aria-label="Remove Newcastle upon Tyne from Favourites"
          class="sc-AxiKw kpkgEV"
          data-testid="favourite-delete-button"
          title="Remove Newcastle upon Tyne from Favourites"
        >
          <span
            class="material-icons"
          >
            delete
          </span>
        </button>
      </div>
    </div>
  </div>
</div>
`;

exports[`<FavouritesSidebar /> renders with no locations and matches snapshot 1`] = `
<div>
  <div
    class="sc-AxjAm hUiZoz"
  >
    <h2
      class="main-title"
    >
      <span
        class="material-icons star-icon"
      >
        star
      </span>
       Your Favourites
    </h2>
    <div
      class="no-locations-saved"
      data-testid="favourites-no-locations"
    >
      <p>
        No locations have been selected use the form on the home page to add one
      </p>
    </div>
  </div>
</div>
`;
